../Src/CortexM3/CortexM3_Core_SysTick.c:20:9:SysTick_Init	24	static
../Src/CortexM3/CortexM3_Core_SysTick.c:63:6:SysTick_DeInt	4	static
../Src/CortexM3/CortexM3_Core_SysTick.c:85:6:SysTick_WaitBlocking	16	static
../Src/CortexM3/CortexM3_Core_SysTick.c:115:6:SysTick_SingleInterval	16	static
../Src/CortexM3/CortexM3_Core_SysTick.c:151:6:SysTick_PeriodicInterval	16	static
../Src/CortexM3/CortexM3_Core_SysTick.c:186:10:SysTick_GetRemainingTicks	16	static
../Src/CortexM3/CortexM3_Core_SysTick.c:201:10:SysTick_GetElapsedTicks	16	static
../Src/CortexM3/CortexM3_Core_SysTick.c:210:6:SysTick_Handler	8	static
